Output:.lufgninaem-efil-sekam-tahw-si-meht-gnimocrevo-dna-gnitseretni-efil-ekam-tahw-era-segnellahC